[www.vipkid.com/index.html]
[backblue.gif]
[fade.gif]
[index.html]
[s.vipkidstatic.com/fe-static/hobbit/asset/res/image/vipkid.ico]
[s.vipkidstatic.com/fe-static/hobbit/asset/res/image/error-v4.png]
[s.vipkidstatic.com/fe-static/hobbit-subsite-hk/prod/default/css/chunk-vendors.29ae283e.css]
[s.vipkidstatic.com/fe-static/hobbit-subsite-hk/prod/default/css/app.e23f3fa4.css]
[www.vipkid.com/ak.html]
[www.vipkid.com/ak-2.html]
[s.vipkidstatic.com/fe-static/hobbit-subsite-hk/prod/default/js/chunk-vendors.29521a25.js]
[s.vipkidstatic.com/fe-static/hobbit-subsite-hk/prod/default/js/app.14291827.js]
[www.vipkid.com/index.html]
[s.vipkidstatic.com/index.html]
[s.vipkidstatic.com/fe-static/hobbit-subsite-hk/prod/default/css/chunk-vendors.29ae283e.css]
[s.vipkidstatic.com/fe-static/hobbit/asset/res/font/PingFang/PingFang.woff2]
[s.vipkidstatic.com/fe-static/hobbit-subsite-hk/prod/default/css/app.e23f3fa4.css]
[s.go-mpulse.net/boomerang/index.html]
[s2.go-mpulse.net/boomerang/index.html]
[www.vipkid.com/ak.html]
[www.vipkid.com/ak-2.html]
