[themes/custom/premierconsumer/favicon.ico]
[backblue.gif]
[fade.gif]
[index.html]
[sites/default/files/css/css_XHrtCG3VWnSimyC46F384y4FS4lMgbgxjJMnIXV0Vxs593c.css]
[sites/default/files/css/css_uHv_Wi6_QcqGW0tDKKyjQWuOLYn6j6bIxgZA0WFCssEd5e5.css]
[themes/custom/premierconsumer/images/ui/favicons/apple-icon-57x57.png]
[themes/custom/premierconsumer/images/ui/favicons/apple-icon-60x60.png]
[themes/custom/premierconsumer/images/ui/favicons/apple-icon-72x72.png]
[themes/custom/premierconsumer/images/ui/favicons/apple-icon-76x76.png]
[themes/custom/premierconsumer/images/ui/favicons/apple-icon-114x114.png]
[themes/custom/premierconsumer/images/ui/favicons/apple-icon-120x120.png]
[themes/custom/premierconsumer/images/ui/favicons/apple-icon-144x144.png]
[themes/custom/premierconsumer/images/ui/favicons/apple-icon-152x152.png]
[themes/custom/premierconsumer/images/ui/favicons/apple-icon-180x180.png]
[themes/custom/premierconsumer/images/ui/favicons/android-icon-192x192.png]
[themes/custom/premierconsumer/images/ui/favicons/favicon-32x32.png]
[themes/custom/premierconsumer/images/ui/favicons/favicon-96x96.png]
[themes/custom/premierconsumer/images/ui/favicons/favicon-16x16.png]
[themes/custom/premierconsumer/images/ui/favicons/manifest.json]
[themes/custom/premierconsumer/images/ui/favicons/ms-icon-144x144.png]
[uc.js]
[themes/custom/premierconsumer/js/mtiFontTrackingCode.js]
[themes/custom/premierconsumer/images/ui/premierLogo.png]
[sites/default/files/styles/header_image_750_x_600_/public/slide/image/Premier-Singhs-Amazing-Value-Locally-Desktop-Banner6f01.jpg]
[sites/default/files/styles/header_image_750_x_600_/public/slide/image/Premier-Singhs-Amazing-Value-Locally-Mobile-Banner4ed6.jpg]
[sites/default/files/styles/header_image_750_x_600_/public/slide/image/NP12-24-banner-1-homepagec937.jpg]
[sites/default/files/styles/header_image_750_x_600_/public/slide/image/NP12-24-banner-1-mobiled1ff.jpg]
[sites/default/files/styles/header_image_750_x_600_/public/slide/image/NP12-24-banner-2-homepage4457.jpg]
[sites/default/files/styles/header_image_750_x_600_/public/slide/image/NP12-24-banner-2-mobile7ae8.jpg]
[sites/default/files/styles/header_image_750_x_600_/public/slide/image/NP12-24-banner-3-homepagee038.jpg]
[sites/default/files/styles/header_image_750_x_600_/public/slide/image/NP12-24-banner-3-mobilefb42.jpg]
[sites/default/files/styles/header_image_750_x_600_/public/slide/image/NP12-24-banner-4-homepageea07.jpg]
[sites/default/files/styles/header_image_750_x_600_/public/slide/image/NP12-24-banner-4-mobile2f34.jpg]
[sites/default/files/styles/header_image_750_x_600_/public/slide/image/NP12-24-banner-5-homepageb400.jpg]
[sites/default/files/styles/header_image_750_x_600_/public/slide/image/NP12-24-banner-5-mobile9c50.jpg]
[sites/default/files/styles/header_image_750_x_600_/public/slide/image/NP12-24-banner-6-homepagee61f.jpg]
[sites/default/files/styles/header_image_750_x_600_/public/slide/image/NP12-24-banner-6-mobileeba7.jpg]
[sites/default/files/styles/offer_thumbnail_quarter/public/NP12-24-pampers4ee0.png]
[sites/default/files/styles/offer_thumbnail_quarter/public/NP12-24-power-adeac47.png]
[sites/default/files/styles/offer_thumbnail_quarter/public/NP12-24-pot-noodle2ea1.png]
[themes/custom/premierconsumer/images/ui/facebook.gif]
[themes/custom/premierconsumer/images/ui/twitter-x-logo-black.png]
[themes/custom/premierconsumer/images/ui/proudToServe.png]
[sites/default/files/js/js_81CoFbrUPJNT19Nyn8oFh2DYiqssxJ2I35w2yuqDAzMf802.js]
[sites/default/files/js/js_gJ2NsCnp1ZL2f6tGpoVnenxvie845ivF8_QzFoa4w3g6eda.js]
[index-2.html]
[modules/contrib/jquery_ui/assets/vendor/jquery.ui/themes/base/images/ui-icons_444444_256x240.png]
[modules/contrib/jquery_ui/assets/vendor/jquery.ui/themes/base/images/ui-icons_555555_256x240.png]
[modules/contrib/jquery_ui/assets/vendor/jquery.ui/themes/base/images/ui-icons_ffffff_256x240.png]
[modules/contrib/jquery_ui/assets/vendor/jquery.ui/themes/base/images/ui-icons_777620_256x240.png]
[modules/contrib/jquery_ui/assets/vendor/jquery.ui/themes/base/images/ui-icons_cc0000_256x240.png]
[modules/contrib/jquery_ui/assets/vendor/jquery.ui/themes/base/images/ui-icons_777777_256x240.png]
[sites/default/files/css/css_XHrtCG3VWnSimyC46F384y4FS4lMgbgxjJMnIXV0Vxs593c.css]
[themes/custom/premierconsumer/fonts/edefe737-dc78-4aa3-ad03-3c6f908330ed.eot]
[themes/custom/premierconsumer/fonts/908c4810-64db-4b46-bb8e-823eb41f68c0.woff]
[themes/custom/premierconsumer/fonts/4577388c-510f-4366-addb-8b663bcc762a.ttf]
[themes/custom/premierconsumer/fonts/e0542193-b2e6-4273-bc45-39d4dfd3c15b.eot]
[themes/custom/premierconsumer/fonts/c9aeeabd-dd65-491d-b4be-3e0db9ae47a0.woff]
[themes/custom/premierconsumer/fonts/25f994de-d13f-4a5d-a82b-bf925a1e054d.ttf]
[themes/custom/premierconsumer/fonts/f55e4498-ad48-4577-93a0-c614de5cbbb8.eot]
[themes/custom/premierconsumer/fonts/75b36c58-2a02-4057-a537-09af0832ae46.woff]
[themes/custom/premierconsumer/fonts/b5c44a82-eeb8-41de-9c3f-a8db50b24b8a.ttf]
[themes/custom/premierconsumer/images/ui/offerBG.jpg]
[themes/custom/premierconsumer/images/ui/poiIconNeg.gif]
[themes/custom/premierconsumer/images/ui/arrowDown.png]
[themes/custom/premierconsumer/images/ui/searchWhiteTransparentBG.png]
[themes/custom/premierconsumer/images/ui/searchTransparentBG.png]
[themes/custom/premierconsumer/images/ui/poiIconWhiteTransparentBG.png]
[themes/custom/premierconsumer/images/ui/distanceIconWhiteTransparentBG.png]
[themes/custom/premierconsumer/images/ui/clockIconWhiteTransparentBG.png]
[themes/custom/premierconsumer/images/ourStores/ourStoresBG-v2.jpg]
[themes/custom/premierconsumer/images/foodToGo/foodToGoHeadingBG.jpg]
[themes/custom/premierconsumer/images/ownLabel/euroShopper/euroShopperBG.gif]
[themes/custom/premierconsumer/images/ownLabel/farmFresh/farmFreshTopFactsBG.jpg]
[themes/custom/premierconsumer/images/ui/searchTransparentPurpleBG.png]
[themes/custom/premierconsumer/images/ui/offerBGYellow.jpg]
[themes/custom/premierconsumer/images/ownLabel/farmFresh/farmFreshTopFactsBG-Medium.jpg]
[themes/custom/premierconsumer/images/ui/rs-default.png]
[sites/default/files/css/css_uHv_Wi6_QcqGW0tDKKyjQWuOLYn6j6bIxgZA0WFCssEd5e5.css]
[sites/default/files/css/css_XHrtCG3VWnSimyC46F384y4FS4lMgbgxjJMnIXV0Vxsd984.css]
[sites/default/files/css/css_o3GCrvssxtNlKoT8xBtnZLPTcd-fFh7WRpO0kt_xYJs5ff8.css]
[themes/custom/premierconsumer/images/aboutUs/proudToServeOurLocalCommunity.png]
[themes/custom/premierconsumer/images/aboutUs/Jeni-and-J-convenience-store-23x2.jpg]
[themes/custom/premierconsumer/images/aboutUs/aboutUsStorePhotoOne-v2.jpg]
[themes/custom/premierconsumer/images/aboutUs/aboutUsStorePhotoTwo-v2.jpg]
[themes/custom/premierconsumer/images/aboutUs/GrocerGoldSymbolRetailerOfTheYear.jpg]
[themes/custom/premierconsumer/images/aboutUs/amazingValueLocallyTitle.png]
[themes/custom/premierconsumer/images/ui/blank.gif]
[sites/default/files/js/js_81CoFbrUPJNT19Nyn8oFh2DYiqssxJ2I35w2yuqDAzMc718.js]
[sites/default/files/js/js_h5hwdMc4NVGkW4lXKJYZYcd-vR4Th-GFteMbyiNcb3I0f5c.js]
[index.php/about-us.html]
[sites/default/files/css/css_51KmbCQTYBiOeHlOYf-vsuZmmWByt_RKQsa26bLNUXUb75c.css]
[sites/default/files/css/css_uHv_Wi6_QcqGW0tDKKyjQWuOLYn6j6bIxgZA0WFCssEd626.css]
[sites/default/files/styles/offer_thumbnail_quarter/public/NP12-24-grenade9297.png]
[sites/default/files/styles/offer_thumbnail_quarter/public/NP12-24-foxs-crunch-creams84d8.png]
[sites/default/files/styles/offer_thumbnail_quarter/public/NP12-24-tetley-original96bb.png]
[sites/default/files/styles/offer_thumbnail_quarter/public/NP12-24-crème-egg4efe.png]
[sites/default/files/styles/offer_thumbnail_quarter/public/NP12-24-velvetb27c.png]
[sites/default/files/styles/offer_thumbnail_quarter/public/NP12-24-hardys-bin-1613b97.png]
[sites/default/files/styles/offer_thumbnail_quarter/public/NP12-24-mccain-friesb06c.png]
[sites/default/files/styles/offer_thumbnail_quarter/public/NP12-24-jacks-chips-birdseyec5e2.png]
[sites/default/files/styles/offer_thumbnail_quarter/public/NP12-24-YOP0114.png]
[sites/default/files/styles/offer_thumbnail_quarter/public/NP12-24-Naan-breads4cc9.png]
[sites/default/files/styles/offer_thumbnail_quarter/public/NP12-24-getpro3087.png]
[sites/default/files/styles/offer_thumbnail_quarter/public/NP12-24-yazoo0671.png]
[sites/default/files/styles/offer_thumbnail_quarter/public/NP12-24-peperamid012.png]
[sites/default/files/js/js_1pQnzDlztmO8h4dAwtG6VgWu5aEdHx7BeWfHzLPzNbg5a71.js]
[sites/default/files/js/js_d-gykqVH5DiGzD81iNa8s7k9vJiSJ0RvgI2YoOmq2RM34ff.js]
[index.php/special-offers.html]
[themes/custom/premierconsumer/images/foodToGo/foodToGoTitle.gif]
[themes/custom/premierconsumer/images/foodToGo/deliPhoto.jpg]
[themes/custom/premierconsumer/images/foodToGo/pastries.jpg]
[themes/custom/premierconsumer/images/foodToGo/croissants.jpg]
[themes/custom/premierconsumer/images/foodToGo/drinks.jpg]
[index.php/in-store/food-to-go.html]
[themes/custom/premierconsumer/images/ownLabel/ownLabelStoreShot1.jpg]
[themes/custom/premierconsumer/images/ownLabel/ownLabelStoreShot2.jpg]
[themes/custom/premierconsumer/images/ownLabel/euroShopper/euroShopperLogo2.png]
[themes/custom/premierconsumer/images/ownLabel/euroShopperProductImage.png]
[themes/custom/premierconsumer/images/ownLabel/jacks/jacksLogo2.png]
[themes/custom/premierconsumer/images/ownLabel/jacks/jacksRange.png]
[index.php/in-store/own-label.html]
[sites/default/files/css/css_51KmbCQTYBiOeHlOYf-vsuZmmWByt_RKQsa26bLNUXU704c.css]
[sites/default/files/css/css_o3GCrvssxtNlKoT8xBtnZLPTcd-fFh7WRpO0kt_xYJs56ad.css]
[sites/default/files/js/js_1pQnzDlztmO8h4dAwtG6VgWu5aEdHx7BeWfHzLPzNbg2b94.js]
[sites/default/files/js/js_vbaCKtoKDWepIwMtXblEiE-2OSw-XBqoOEeWZQziZ88a4b6.js]
[index.php/our-stores.html]
[sites/default/files/css/css_SNsg0hXdp208HlsG7c-gaTfW_bhkzSvL0lDyFq92L_8fda5.css]
[sites/default/files/css/css_o3GCrvssxtNlKoT8xBtnZLPTcd-fFh7WRpO0kt_xYJs4488.css]
[recaptcha/apic9b1.js]
[themes/custom/premierconsumer/images/getInTouch/getInTouch2.jpg]
[sites/default/files/js/js_81CoFbrUPJNT19Nyn8oFh2DYiqssxJ2I35w2yuqDAzM481c.js]
[sites/default/files/js/js_fF6uQSPkzI8iIo8KZ_1bTBJjuKQA-FJ3wLMp0tU1PWE6460.js]
[@popperjs/core@2.11.6/dist/umd/popper.js]
[sites/default/files/js/js_dWWHG-zSqR3Ry-efRlrkMLXCMueeRMVB1g5ZdtXWFSo45ee.js]
[index.php/get-in-touch.html]
[special-offers.html]
[special-offer.html]
[sites/default/files/NP12-24-pampers.png]
[sites/default/files/styles/max_325x325/public/NP12-24-pampers45b2.png]
[themes/custom/premierconsumer/images/ui/socialFacebook.png]
[themes/custom/premierconsumer/images/ui/socialTwitter.png]
[themes/custom/premierconsumer/images/ui/socialPinterest.png]
[index.php/special-offers/pampers-sensitive-buy-1-get-1-free-premier.html]
[sites/default/files/NP12-24-power-ade.png]
[sites/default/files/styles/max_325x325/public/NP12-24-power-ade3726.png]
[index.php/special-offers/power-ade-berry-tropical-fruits-mango-buy-1-get-1-free-premier.html]
[sites/default/files/NP12-24-pot-noodle.png]
[sites/default/files/styles/max_325x325/public/NP12-24-pot-noodle6961.png]
[index.php/special-offers/pot-noodle-beef-tomato-chicken-mushroom-fusions-chilli-chicken-katsu-curry-buy-1-get.html]
[5d558d47-91e9-4ab0-a1ff-88b8801bfaa3/cd.js]
[index.php/privacy.html]
[index.php/terms.html]
[core/misc/icons/e32700/error.svg]
[core/misc/icons/e29700/warning.svg]
[core/misc/icons/73b355/check.svg]
[core/misc/icons/787878/twistie-down.svg]
[core/misc/icons/787878/twistie-up.svg]
[themes/custom/premierconsumer/fonts/0078f486-8e52-42c0-ad81-3c8d3d43f48e.html]
[themes/custom/premierconsumer/fonts/b0268c31-e450-4159-bfea-e0d20e2b5c0c.svg]
[themes/custom/premierconsumer/fonts/17b90ef5-b63f-457b-a981-503bb7afe3c0.html]
[themes/custom/premierconsumer/fonts/3604edbd-784e-4ca7-b978-18836469c62d.svg]
[themes/custom/premierconsumer/fonts/c78eb7af-a1c8-4892-974b-52379646fef4.html]
[themes/custom/premierconsumer/fonts/93603a74-2be0-436c-83e1-68f9ef616eaf.svg]
[themes/custom/budgens/images/xmas/xmasBG.html]
[themes/custom/budgens/images/xmas/christmasValueTitle.html]
[themes/custom/budgens/images/xmas/stockUpForChristmasTitle.html]
[themes/custom/budgens/images/special-offers/np9/xmasBGMM.html]
[themes/custom/budgens/images/backgrounds/NP9-prawnStirfryBG.html]
[themes/custom/budgens/images/special-offers/np9/meatsBG.html]
[themes/custom/budgens/images/special-offers/np9/fruitBG.html]
[themes/custom/budgens/images/np10/salmonCanapesBG.html]
[themes/custom/budgens/images/np10/tartletsBG.html]
[themes/custom/budgens/images/np10/thePerfectFamilyLunchTitle.html]
[themes/custom/budgens/images/np10/sweetsAndTreatsTitle.html]
[themes/custom/budgens/images/np10/christmasEntertainingTitle.html]
[themes/custom/budgens/images/np10/getReadyToPartyTitle.html]
[themes/custom/budgens/images/np10/goodStartTitle.html]
[themes/custom/budgens/images/np10/dontRunOutTitle.html]
[themes/custom/budgens/images/2017/np11/bigDealsRoundel.html]
[themes/custom/budgens/images/2017/np11/chilliChickenRecipe.html]
[themes/custom/budgens/images/2017/np11/tunaJacketBG.html]
[themes/custom/budgens/images/2017/np11/salmonRecipeBG.html]
[themes/custom/budgens/images/2017/np11/gymTitle.html]
[themes/custom/budgens/images/2017/np11/pastaShot.html]
[themes/custom/budgens/images/2017/np11/quickAndEasyMealIdeasTitle.html]
[themes/custom/budgens/images/2017/np11/stuffedPeppersRecipeBG.html]
[themes/custom/budgens/images/2017/np11/stockUpTitle.html]
[themes/custom/budgens/images/2018/np12/bidDealsTitle.html]
[themes/custom/budgens/images/2018/np12/kickStartYourDayTitle.html]
[themes/custom/budgens/images/2018/np12/lunchTimeTreatTitle.html]
[themes/custom/budgens/images/2018/np12/sausageSandwichBG2.html]
[themes/custom/budgens/images/2018/np12/hamSandwichBG.html]
[themes/custom/budgens/images/2018/np12/quickDinnerTimeTitle.html]
[themes/custom/budgens/images/2018/np12/sweetToothTitle.html]
[themes/custom/budgens/images/2018/np12/saveBigTitle.html]
[themes/custom/budgens/images/2018/np12/dryJanuaryTitle.html]
[themes/custom/budgens/images/2018/np12/valentineBG.html]
[themes/custom/budgens/images/2018/np12/valentineTitleBG.html]
[themes/custom/budgens/images/2018/np12/chineseBG.html]
[themes/custom/budgens/images/2018/np12/chineseNewYearHeader.html]
[themes/custom/budgens/images/2018/np12/chineseRecipeImg.html]
[themes/custom/budgens/images/2018/np12/pancakeDayHeader.html]
[themes/custom/budgens/images/2018/np12/pancakeRecipeImg.html]
[themes/custom/budgens/images/2018/np13/bigDealsTitle.html]
[themes/custom/budgens/images/2018/np13/sundayRoastTitle.html]
[themes/custom/budgens/images/2018/np13/perfectLunchTitle.html]
[themes/custom/budgens/images/2018/np13/quickAndEasyDinnerTitle.html]
[themes/custom/budgens/images/2018/np13/cheersTitle.html]
[themes/custom/budgens/images/2018/np13/dontForgetEasterTitle2.html]
[themes/custom/budgens/images/2018/np13/treatYourMumTitle.html]
[themes/custom/budgens/images/2018/np13/brunchTitle.html]
[themes/custom/budgens/images/2018/np13/greatDeals.html]
[themes/custom/budgens/images/2018/np13/getTheDayOffTitle.html]
[themes/custom/budgens/images/2018/np13/flowerBG.html]
[themes/custom/budgens/images/2018/np13/treatYourMumImgv2.html]
[themes/custom/budgens/images/2018/np13/easterBG.html]
[themes/custom/budgens/images/2018/np13/mothersDayImg.html]
[themes/custom/budgens/images/2018/np13/sausagesBG.html]
[themes/custom/budgens/images/2018/np13/yogurtBG.html]
[themes/custom/budgens/images/ui/woodVerticalBG2.html]
[themes/custom/budgens/images/2018/np01/hopIntoEasterTitle.html]
[themes/custom/budgens/images/2018/np01/cheersTitle.html]
[themes/custom/budgens/images/2018/np01/breakfastBrunchTitle.html]
[themes/custom/budgens/images/2018/np01/quickMealsTitle.html]
[themes/custom/budgens/images/2018/np01/greatDealsTitle.html]
[themes/custom/budgens/images/2018/np01/indulgentTreatsTitle.html]
[themes/custom/budgens/images/2018/np01/bigDealsTitleImg.html]
[themes/custom/budgens/images/2018/np01/happyEasterBG.html]
[themes/custom/budgens/images/2018/np01/salmonBG.html]
[themes/custom/budgens/images/2018/np01/cheeseBG.html]
[themes/custom/budgens/images/2018/np01/easterCake2BG.html]
[themes/custom/budgens/images/2018/np01/springCleaningBG.html]
[themes/custom/budgens/images/2018/np02/quickMealsTitle.html]
[themes/custom/budgens/images/2018/np02/lunchIsServedTitle.html]
[themes/custom/budgens/images/2018/np02/cheersTitle.html]
[themes/custom/budgens/images/2018/np02/kickStartYourMorningTitle.html]
[themes/custom/budgens/images/2018/np02/snackOnTitle.html]
[themes/custom/budgens/images/2018/np02/bigDealsTitleImg.html]
[themes/custom/budgens/images/2018/np02/sausagesBG.html]
[themes/custom/budgens/images/2018/np02/cheeseBG.html]
[themes/custom/budgens/images/2018/np02/pizzaBG.html]
[themes/custom/budgens/images/2018/np02/curryBG.html]
[themes/custom/budgens/images/2018/np03/wineFestivalTitle2.html]
[themes/custom/budgens/images/2018/np03/perfectWithTitle.html]
[themes/custom/budgens/images/2018/np03/bbqSummerTitle.html]
[themes/custom/budgens/images/2018/np03/liveSummerTitle.html]
[themes/custom/budgens/images/2018/np03/quickDinnersTitle.html]
[themes/custom/budgens/images/2018/np03/greatOffersTitle.html]
[themes/custom/budgens/images/2018/np03/bigDealsTitleImg2.html]
[themes/custom/budgens/images/2018/np03/wineFestivalBG.html]
[themes/custom/budgens/images/2018/np03/summerbbqBG.html]
[themes/custom/budgens/images/2018/np04/greatOffersTitle.html]
[themes/custom/budgens/images/2018/np04/kickStartYourDayTitle.html]
[themes/custom/budgens/images/2018/np04/footballBG.html]
[themes/custom/budgens/images/2018/np04/footballBG1.html]
[themes/custom/budgens/images/2018/np04/footballBG2.html]
[themes/custom/budgens/images/2018/np04/bigDealsTitleImg2.html]
[themes/custom/budgens/images/2018/np04/bigDealsSummerFootballTitle.html]
[themes/custom/budgens/images/2018/np04/breakfastBG.html]
[themes/custom/premierconsumer/css/grab.html]
[themes/custom/premierconsumer/css/grabbing.html]
[themes/custom/premierconsumer/css/blank.html]
[themes/custom/premierconsumer/preloaders/preloader-white.html]
[sites/default/files/css/css_XHrtCG3VWnSimyC46F384y4FS4lMgbgxjJMnIXV0Vxsd984.css]
[sites/default/files/css/css_o3GCrvssxtNlKoT8xBtnZLPTcd-fFh7WRpO0kt_xYJs5ff8.css]
[about-us.html]
[in-store/food-to-go.html]
[in-store/own-label.html]
[our-stores.html]
[get-in-touch.html]
[core/misc/throbber-active.gif]
[core/misc/loading-small.gif]
[sites/default/files/css/css_51KmbCQTYBiOeHlOYf-vsuZmmWByt_RKQsa26bLNUXUb75c.css]
[sites/default/files/css/css_uHv_Wi6_QcqGW0tDKKyjQWuOLYn6j6bIxgZA0WFCssEd626.css]
[sites/default/files/NP12-24-grenade.png]
[sites/default/files/styles/max_325x325/public/NP12-24-grenadea99f.png]
[index.php/special-offers/grenade-oreo-white-salted-caramel-buy-1-get-1-free-premier.html]
[sites/default/files/NP12-24-foxs-crunch-creams.png]
[sites/default/files/styles/max_325x325/public/NP12-24-foxs-crunch-creams8cb1.png]
[index.php/special-offers/foxs-crunch-creams-salted-caramel-jam-cream-buy-1-get-1-free-premier.html]
[sites/default/files/NP12-24-tetley-original.png]
[sites/default/files/styles/max_325x325/public/NP12-24-tetley-original5978.png]
[index.php/special-offers/tetley-original-now-half-price-tetley-premier.html]
[sites/default/files/NP12-24-crème-egg.png]
[sites/default/files/styles/max_325x325/public/NP12-24-crème-egg9091.png]
[index.php/special-offers/creme-egg-caramel-now-only-ps3-premier.html]
[sites/default/files/NP12-24-velvet.png]
[sites/default/files/styles/max_325x325/public/NP12-24-velvet008c.png]
[index.php/special-offers/velvet-classic-quilted-better-half-price-premier.html]
[sites/default/files/NP12-24-hardys-bin-161.png]
[sites/default/files/styles/max_325x325/public/NP12-24-hardys-bin-16161b9.png]
[themes/custom/premierconsumer/images/ui/drinkaware.png]
[index.php/special-offers/hardys-bin-161-jammy-rich-red-pinot-grigio-chardonnay-any-2-ps11-premier.html]
[sites/default/files/NP12-24-mccain-fries.png]
[sites/default/files/styles/max_325x325/public/NP12-24-mccain-friesa3e7.png]
[index.php/special-offers/mccain-crispy-french-fries-buy-1-get-1-free-premier-2.html]
[sites/default/files/NP12-24-jacks-chips-birdseye.png]
[sites/default/files/styles/max_325x325/public/NP12-24-jacks-chips-birdseye771b.png]
[index.php/special-offers/jacks-straight-cut-chips-birds-eye-crispy-chicken-buy-crispy-chicken-get-chips-free.html]
[sites/default/files/NP12-24-YOP.png]
[sites/default/files/styles/max_325x325/public/NP12-24-YOP70db.png]
[index.php/special-offers/yop-strawberry-now-better-half-price-premier.html]
[sites/default/files/NP12-24-Naan-breads.png]
[sites/default/files/styles/max_325x325/public/NP12-24-Naan-breadsf9a8.png]
[index.php/special-offers/naan-breads-plain-garlic-coriander-spicy-now-only-ps149-premier.html]
[sites/default/files/NP12-24-getpro.png]
[sites/default/files/styles/max_325x325/public/NP12-24-getprocb86.png]
[index.php/special-offers/getpro-yoghurt-blueberry-vanilla-now-only-ps1-premier.html]
[sites/default/files/NP12-24-yazoo.png]
[sites/default/files/styles/max_325x325/public/NP12-24-yazoo2e88.png]
[index.php/special-offers/yazoo-strawberry-banana-chocolate-now-only-ps1-premier.html]
[sites/default/files/NP12-24-peperami.png]
[sites/default/files/styles/max_325x325/public/NP12-24-peperami64db.png]
[index.php/special-offers/peperami-now-only-ps225-premier-1.html]
[index.php/special-offers02e4.html]
[sites/default/files/styles/offer_thumbnail_quarter/public/NP12-24-st-pierre-croissant-waffleac92.png]
[sites/default/files/styles/offer_thumbnail_quarter/public/NP12-24-jacks-cheese90cf.png]
[sites/default/files/styles/offer_thumbnail_quarter/public/NP12-24-huel5387.png]
[sites/default/files/styles/offer_thumbnail_quarter/public/NP12-24-delamerebdbd.png]
[sites/default/files/styles/offer_thumbnail_quarter/public/NP12-24-warburtons831e.png]
[sites/default/files/styles/offer_thumbnail_quarter/public/NP12-24-dairylea413c.png]
[sites/default/files/styles/offer_thumbnail_quarter/public/NP12-24-soreen82f5.png]
[sites/default/files/styles/offer_thumbnail_quarter/public/NP12-24-lurpak2fed.png]
[sites/default/files/styles/offer_thumbnail_quarter/public/NP12-24-kershaws4114.png]
[sites/default/files/styles/offer_thumbnail_quarter/public/NP12-24-magnumb8bb.png]
[sites/default/files/styles/offer_thumbnail_quarter/public/NP12-24-mccain-naked-chipsc841.png]
[sites/default/files/styles/offer_thumbnail_quarter/public/NP12-24-goodfellas8d6a.png]
[sites/default/files/styles/offer_thumbnail_quarter/public/NP12-24-birdseye-wafflesed14.png]
[sites/default/files/styles/offer_thumbnail_quarter/public/NP12-24-blue-dragon379a.png]
[sites/default/files/styles/offer_thumbnail_quarter/public/offer/images/_NP12-24-original-energy-drink_02140.png]
[sites/default/files/styles/offer_thumbnail_quarter/public/NP12-24-highland-springs1b77.png]
[index.php/special-offers2679.html]
[sites/default/files/styles/offer_thumbnail_quarter/public/NP12-24-walkers-varietyebb1.png]
[sites/default/files/styles/offer_thumbnail_quarter/public/NP12-24-robinsonebea.png]
[sites/default/files/styles/offer_thumbnail_quarter/public/NP12-24-fruit-shoot299d.png]
[sites/default/files/styles/offer_thumbnail_quarter/public/NP12-24-gourmet454d.png]
[sites/default/files/styles/offer_thumbnail_quarter/public/NP11-24-clementines37f5.png]
[sites/default/files/styles/offer_thumbnail_quarter/public/NP12-24-cesarf531.png]
[sites/default/files/styles/offer_thumbnail_quarter/public/NP12-24-imperial-leatherdb02.png]
[sites/default/files/styles/offer_thumbnail_quarter/public/NP12-24-listerinebe85.png]
[sites/default/files/styles/offer_thumbnail_quarter/public/NP12-24-fairy6230.png]
[sites/default/files/styles/offer_thumbnail_quarter/public/NP12-24-lenorfa7a.png]
[sites/default/files/styles/offer_thumbnail_quarter/public/NP12-24-persild74f.png]
[sites/default/files/styles/offer_thumbnail_quarter/public/NP12-24-mccguigan6324.png]
[sites/default/files/styles/offer_thumbnail_quarter/public/NP12-24-nozeco7170.png]
[sites/default/files/styles/offer_thumbnail_quarter/public/NP12-24-captain-gordons2500.png]
[sites/default/files/styles/offer_thumbnail_quarter/public/NP12-24-thatchers-personi337c.png]
[sites/default/files/styles/offer_thumbnail_quarter/public/NP12-24-shy-pig09ef.png]
[index.php/special-offers4658.html]
[sites/default/files/styles/offer_thumbnail_quarter/public/NP12-24-peroni-budweiser-kingfishers-stella-corona2e2e.png]
[sites/default/files/styles/offer_thumbnail_quarter/public/NP12-24-hardys-chard-merlot-canti6e33.png]
[sites/default/files/styles/offer_thumbnail_quarter/public/NP12-24-gordons-jules-bacardi01ea.png]
[sites/default/files/styles/offer_thumbnail_quarter/public/NP12-24-carlsberg-bud-crumpton8a6f.png]
[sites/default/files/styles/offer_thumbnail_quarter/public/NP12-24-corona-madri-stella-kronen7db6.png]
[sites/default/files/styles/offer_thumbnail_quarter/public/NP12-24-coors-carling-strongbow-fostersd3ff.png]
[sites/default/files/styles/offer_thumbnail_quarter/public/NP12-24-fosters-rosa-brewdog-budcd94.png]
[sites/default/files/styles/offer_thumbnail_quarter/public/NP12-24-kitkat-white60aa.png]
[sites/default/files/styles/offer_thumbnail_quarter/public/NP12-24-moam-stripes2ed4.png]
[sites/default/files/styles/offer_thumbnail_quarter/public/NP12-24-pepsi-max-cherry4fc2.png]
[sites/default/files/styles/offer_thumbnail_quarter/public/NP12-24-red-bull-sugarfree9ee3.png]
[sites/default/files/styles/offer_thumbnail_quarter/public/NP12-24-doritos-cheetos-chipsticks3a6e.png]
[sites/default/files/styles/offer_thumbnail_quarter/public/NP12-24-pringlesa8fb.png]
[sites/default/files/styles/offer_thumbnail_quarter/public/NP12-24-pop-tartsb51a.png]
[sites/default/files/styles/offer_thumbnail_quarter/public/NP12-24-sharwoods8588.png]
[sites/default/files/styles/offer_thumbnail_quarter/public/NP12-24-nescafed246.png]
[index.php/special-offers9ba9.html]
[sites/default/files/styles/offer_thumbnail_quarter/public/NP11-24-kindling-woode893.png]
[index.php/special-offersfdb0.html]
[index.php/index.html]
[themes/custom/premierconsumer/images/ownLabel/euroShopper/euroShopperLogo.png]
[index.php/in-store/own-label/euro-shopper.html]
[index.php/in-store/own-label/jacks.html]
[sites/default/files/css/css_51KmbCQTYBiOeHlOYf-vsuZmmWByt_RKQsa26bLNUXU704c.css]
[sites/default/files/css/css_o3GCrvssxtNlKoT8xBtnZLPTcd-fFh7WRpO0kt_xYJs56ad.css]
[sites/default/files/css/css_SNsg0hXdp208HlsG7c-gaTfW_bhkzSvL0lDyFq92L_8fda5.css]
[sites/default/files/css/css_o3GCrvssxtNlKoT8xBtnZLPTcd-fFh7WRpO0kt_xYJs4488.css]
[terms.html]
[privacy.html]
[special-offers/pot-noodle-beef-tomato-chicken-mushroom-fusions-chilli-chicken-katsu-curry-buy-1-get.html]
[special-offers/pampers-sensitive-buy-1-get-1-free-premier.html]
[special-offers/power-ade-berry-tropical-fruits-mango-buy-1-get-1-free-premier.html]
[special-offers/grenade-oreo-white-salted-caramel-buy-1-get-1-free-premier.html]
[special-offers/foxs-crunch-creams-salted-caramel-jam-cream-buy-1-get-1-free-premier.html]
[special-offers/tetley-original-now-half-price-tetley-premier.html]
[special-offers/creme-egg-caramel-now-only-ps3-premier.html]
[special-offers/velvet-classic-quilted-better-half-price-premier.html]
[special-offers/hardys-bin-161-jammy-rich-red-pinot-grigio-chardonnay-any-2-ps11-premier.html]
[special-offers/mccain-crispy-french-fries-buy-1-get-1-free-premier-2.html]
[special-offers/jacks-straight-cut-chips-birds-eye-crispy-chicken-buy-crispy-chicken-get-chips-free.html]
[special-offers/yop-strawberry-now-better-half-price-premier.html]
[special-offers/naan-breads-plain-garlic-coriander-spicy-now-only-ps149-premier.html]
[special-offers/getpro-yoghurt-blueberry-vanilla-now-only-ps1-premier.html]
[special-offers/yazoo-strawberry-banana-chocolate-now-only-ps1-premier.html]
[special-offers/peperami-now-only-ps225-premier-1.html]
[special-offers02e4.html]
[special-offers2679.html]
[special-offers4658.html]
[special-offers9ba9.html]
[special-offersfdb0.html]
[in-store/own-label/euro-shopper.html]
[in-store/own-label/jacks.html]
[sites/default/files/NP12-24-st-pierre-croissant-waffle.png]
[sites/default/files/styles/max_325x325/public/NP12-24-st-pierre-croissant-waffle10d1.png]
[special-offers/st-pierre-butter-croissant-caramel-waffles-buy-1-get-1-free-premier.html]
[sites/default/files/NP12-24-jacks-cheese.png]
[sites/default/files/styles/max_325x325/public/NP12-24-jacks-cheese8a7e.png]
[special-offers/jacks-mature-cheddar-grated-mild-double-gloucester-any-2-ps4-premier.html]
[sites/default/files/NP12-24-huel.png]
[sites/default/files/styles/max_325x325/public/NP12-24-huel2135.png]
[special-offers/huel-iced-coffee-banana-strawberries-cream-now-only-ps299-premier.html]
[sites/default/files/NP12-24-delamere.png]
[sites/default/files/styles/max_325x325/public/NP12-24-delamereee89.png]
[special-offers/delamere-milk-chocolate-strawberry-banana-any-2-ps220-premier.html]
[sites/default/files/NP12-24-warburtons.png]
[sites/default/files/styles/max_325x325/public/NP12-24-warburtonse1ce.png]
[special-offers/warburtons-crumpets-now-only-ps1-premier.html]
[sites/default/files/NP12-24-dairylea.png]
[sites/default/files/styles/max_325x325/public/NP12-24-dairyleab8c8.png]
[special-offers/dairylea-lunchers-ham-n-cheese-chicken-n-cheese-snackers-oreo-now-only-ps139-premier.html]
[sites/default/files/NP12-24-soreen.png]
[sites/default/files/styles/max_325x325/public/NP12-24-soreen981f.png]
[special-offers/soreen-malt-loaf-now-only-ps150-premier.html]
[sites/default/files/NP12-24-lurpak.png]
[sites/default/files/styles/max_325x325/public/NP12-24-lurpakd394.png]
[special-offers/lurpak-now-only-ps250-premier.html]
[sites/default/files/NP12-24-kershaws.png]
[sites/default/files/styles/max_325x325/public/NP12-24-kershaws357f.png]
[special-offers/kershaws-fish-chips-beef-dinner-chicken-dinner-any-2-ps5-premier.html]
[sites/default/files/NP12-24-magnum.png]
[sites/default/files/styles/max_325x325/public/NP12-24-magnumb4de.png]
[special-offers/magnum-original-white-chocolate-buy-1-get-1-free-premier.html]
[sites/default/files/NP12-24-mccain-naked-chips.png]
[sites/default/files/styles/max_325x325/public/NP12-24-mccain-naked-chipse547.png]
[special-offers/mccain-naked-oven-chips-buy-1-get-1-free-premier.html]
[sites/default/files/NP12-24-goodfellas.png]
[sites/default/files/styles/max_325x325/public/NP12-24-goodfellas46f2.png]
[special-offers/goodfellas-margherita-pepperoni-dairy-milk-ice-cream-caramel-buy-2-goodfellas-pizzas.html]
[sites/default/files/NP12-24-birdseye-waffles.png]
[sites/default/files/styles/max_325x325/public/NP12-24-birdseye-waffles5e3b.png]
[special-offers/birds-eye-potato-waffles-chicken-dippers-any-2-ps4-premier.html]
[sites/default/files/NP12-24-blue-dragon.png]
[sites/default/files/styles/max_325x325/public/NP12-24-blue-dragon6dac.png]
[special-offers/blue-dragon-sweet-chilli-garlic-chow-mein-black-bean-sweet-sour-buy-1-get-1-free.html]
[sites/default/files/offer/images/_NP12-24-original-energy-drink_0.png]
[sites/default/files/styles/max_325x325/public/offer/images/_NP12-24-original-energy-drink_0f660.png]
[special-offers/original-energy-drink-buy-1-get-1-free-premier.html]
[sites/default/files/NP12-24-highland-springs.png]
[sites/default/files/styles/max_325x325/public/NP12-24-highland-springs15b4.png]
[special-offers/highland-springs-water-now-only-ps4-premier.html]
[sites/default/files/NP12-24-walkers-variety.png]
[sites/default/files/styles/max_325x325/public/NP12-24-walkers-variety3b54.png]
[special-offers/walkers-variety-pack-classic-meaty-now-only-ps3-premier-0.html]
[sites/default/files/NP12-24-robinson.png]
[sites/default/files/styles/max_325x325/public/NP12-24-robinson0a54.png]
[special-offers/robinsons-apple-blackcurrant-summer-fruits-orange-pineapple-orange-now-any-2-ps2.html]
[sites/default/files/NP12-24-fruit-shoot.png]
[sites/default/files/styles/max_325x325/public/NP12-24-fruit-shootc204.png]
[special-offers/fruit-shoot-apple-blackcurrant-orange-now-only-ps250-premier.html]
[sites/default/files/NP12-24-gourmet.png]
[sites/default/files/styles/max_325x325/public/NP12-24-gourmetd280.png]
[special-offers/gourmet-mon-petit-intense-now-only-ps199-premier.html]
[sites/default/files/NP11-24-clementines.png]
[sites/default/files/styles/max_325x325/public/NP11-24-clementines86e5.png]
[special-offers/clementines-now-only-ps2-premier.html]
[sites/default/files/NP12-24-cesar.png]
[sites/default/files/styles/max_325x325/public/NP12-24-cesarf08a.png]
[special-offers/cesar-garden-terrine-country-stew-classic-terrine-any-3-ps3-premier.html]
[sites/default/files/NP12-24-imperial-leather.png]
[sites/default/files/styles/max_325x325/public/NP12-24-imperial-leathera47f.png]
[special-offers/imperial-leather-blue-cypress-eucalyptus-cotton-flower-vanilla-any-2-ps250-premier.html]
[sites/default/files/NP12-24-listerine.png]
[sites/default/files/styles/max_325x325/public/NP12-24-listerine9dd6.png]
[special-offers/listerine-fresh-mint-clean-mint-now-half-price-premier.html]
[sites/default/files/NP12-24-fairy.png]
[sites/default/files/styles/max_325x325/public/NP12-24-fairybb27.png]
[special-offers/fairy-original-pomegranate-grapefruit-lemon-any-2-ps2-premier.html]
[sites/default/files/NP12-24-lenor.png]
[sites/default/files/styles/max_325x325/public/NP12-24-lenorf794.png]
[special-offers/lenor-spring-awakening-summer-breeze-now-only-ps250-premier.html]
[sites/default/files/NP12-24-persil.png]
[sites/default/files/styles/max_325x325/public/NP12-24-persil1213.png]
[special-offers/persil-3-1-pods-bio-non-bio-now-only-ps395-premier.html]
[sites/default/files/NP12-24-mccguigan.png]
[sites/default/files/styles/max_325x325/public/NP12-24-mccguiganfed8.png]
[special-offers/mcguigan-zero-00-rose-sauvignon-blanc-now-half-price-premier.html]
[sites/default/files/NP12-24-nozeco.png]
[sites/default/files/styles/max_325x325/public/NP12-24-nozeco2e58.png]
[special-offers/nozeco-now-only-ps349-premier-0.html]
[sites/default/files/NP12-24-captain-gordons.png]
[sites/default/files/styles/max_325x325/public/NP12-24-captain-gordonsd977.png]
[special-offers/captain-morgan-spiced-gold-00-gordons-alcohol-free-now-only-ps1299-premier.html]
[sites/default/files/NP12-24-thatchers-personi.png]
[sites/default/files/styles/max_325x325/public/NP12-24-thatchers-personie226.png]
[special-offers/thatchers-zero-peroni-00-heineken-00-corona-zero-now-only-ps4-premier.html]
[sites/default/files/NP12-24-shy-pig.png]
[sites/default/files/styles/max_325x325/public/NP12-24-shy-pig31c2.png]
[special-offers/shy-pig-blush-crisp-white-any-2-ps10-premier.html]
[sites/default/files/NP12-24-peroni-budweiser-kingfishers-stella-corona.png]
[sites/default/files/styles/max_325x325/public/NP12-24-peroni-budweiser-kingfishers-stella-coronaa816.png]
[special-offers/peroni-budweiser-kingfishers-stella-artois-corona-any-2-ps5-premier.html]
[sites/default/files/NP12-24-hardys-chard-merlot-canti.png]
[sites/default/files/styles/max_325x325/public/NP12-24-hardys-chard-merlot-canti8f27.png]
[special-offers/hardys-chardonnay-semillon-cabernet-merlot-canti-pinot-grigio-now-only-ps599-premier.html]
[sites/default/files/NP12-24-gordons-jules-bacardi.png]
[sites/default/files/styles/max_325x325/public/NP12-24-gordons-jules-bacardi6041.png]
[special-offers/gordons-jules-clairon-bacardi-now-only-ps579-premier.html]
[sites/default/files/NP12-24-carlsberg-bud-crumpton.png]
[sites/default/files/styles/max_325x325/public/NP12-24-carlsberg-bud-crumptonab1d.png]
[special-offers/carlsberg-budweiser-crumpton-oaks-now-only-ps4-premier.html]
[sites/default/files/NP12-24-corona-madri-stella-kronen.png]
[sites/default/files/styles/max_325x325/public/NP12-24-corona-madri-stella-kronen4d86.png]
[special-offers/corona-extra-madri-stella-artois-kronenbourg-now-only-ps599-premier.html]
[sites/default/files/NP12-24-coors-carling-strongbow-fosters.png]
[sites/default/files/styles/max_325x325/public/NP12-24-coors-carling-strongbow-fostersc5a5.png]
[special-offers/coors-carling-strongbow-fosters-now-only-ps650-premier.html]
[sites/default/files/NP12-24-fosters-rosa-brewdog-bud.png]
[sites/default/files/styles/max_325x325/public/NP12-24-fosters-rosa-brewdog-bud21ca.png]
[special-offers/fosters-shandy-rosa-blanca-brewdog-cold-beer-bud-light-now-only-ps799-premier.html]
[sites/default/files/NP12-24-kitkat-white.png]
[sites/default/files/styles/max_325x325/public/NP12-24-kitkat-white05d1.png]
[special-offers/kitkat-biscoff-white-now-2-ps3-premier.html]
[sites/default/files/NP12-24-moam-stripes.png]
[sites/default/files/styles/max_325x325/public/NP12-24-moam-stripes3f5a.png]
[special-offers/moam-stripes-sour-mao-mix-joy-stixx-any-2-ps2-premier.html]
[sites/default/files/NP12-24-pepsi-max-cherry.png]
[sites/default/files/styles/max_325x325/public/NP12-24-pepsi-max-cherrya7c2.png]
[special-offers/pepsi-max-cherry-max-any-2-ps350-premier.html]
[sites/default/files/NP12-24-red-bull-sugarfree.png]
[sites/default/files/styles/max_325x325/public/NP12-24-red-bull-sugarfree563d.png]
[special-offers/red-bull-sugarfree-winter-edition-any-2-ps250-premier.html]
[sites/default/files/NP12-24-doritos-cheetos-chipsticks.png]
[sites/default/files/styles/max_325x325/public/NP12-24-doritos-cheetos-chipsticks0a9f.png]
[special-offers/doritos-extra-flamin-hot-cheetos-twisted-chipsticks-salt-n-vinegar-any-2-ps2-premier.html]
[sites/default/files/NP12-24-pringles.png]
[sites/default/files/styles/max_325x325/public/NP12-24-pringles1a87.png]
[special-offers/pringles-hot-kickin-sour-cream-sweet-chilli-now-only-ps2-premier.html]
[sites/default/files/NP12-24-pop-tarts.png]
[sites/default/files/styles/max_325x325/public/NP12-24-pop-tartse160.png]
[special-offers/pop-tarts-strawberry-sensantion-kelloggs-rices-krispies-crunchy-nut-now-only-ps3.html]
[sites/default/files/NP12-24-sharwoods.png]
[sites/default/files/styles/max_325x325/public/NP12-24-sharwoods5461.png]
[special-offers/sharwoods-plain-poppadoms-korma-tikka-masala-mango-chutney-now-only-ps179-premier.html]
[sites/default/files/NP12-24-nescafe.png]
[sites/default/files/styles/max_325x325/public/NP12-24-nescafe0384.png]
[special-offers/nescafe-original-decaf-now-only-ps319-premier.html]
[sites/default/files/NP11-24-kindling-wood.png]
[sites/default/files/styles/max_325x325/public/NP11-24-kindling-wood4772.png]
[special-offers/kindling-wood-now-only-ps599-premier-1.html]
[index.php/special-offer.html]
